%!Adobe-FontList 1.13
%Locale:0x409

%BeginFont
Handler:DirectoryHandler
FontType:Suitcase
FontName:Futura-CondensedExtraBold
OutlineFileName:\Futura-CondensedExtraBold
ResourceID:14824
MacStyle:0
FileLength:5505
FileModTime:1369695465
%EndFont

%BeginFont
Handler:DirectoryHandler
FontType:Type1
FontName:Futura-CondensedExtraBold
FamilyName:Futura
StyleName:Extra Bold Condensed
MenuName:Futura CondensedExtraBold
StyleBits:2
WeightClass:800
WidthClass:3
AngleClass:0
FullName:Futura Condensed Extra Bold
WritingScript:Roman
OutlineFileName:\FuturConExtBol
DataFormat:POSTResource
UsesStandardEncoding:yes
isCFF:no
FileLength:30447
FileModTime:1266230220
DesignSize:-1
%EndFont

%BeginFont
Handler:DirectoryHandler
FontType:TrueType
FontName:Impact
FamilyName:Impact
StyleName:Regular
MenuName:Impact
StyleBits:0
WeightClass:400
WidthClass:3
AngleClass:0
FullName:Impact
WritingScript:Roman
OutlineFileName:\Impact.ttf
DataFormat:sfntData
FileLength:138488
FileModTime:1353065180
%EndFont

%BeginFont
Handler:DirectoryHandler
FontType:TrueType
FontName:MarkerFelt-Thin
FamilyName:Marker Felt
StyleName:Thin
MenuName:Marker Felt
StyleBits:0
WeightClass:400
WidthClass:5
AngleClass:0
FullName:Marker Felt Thin
WritingScript:Roman
OutlineFileName:\MarkerFelt.ttc
TTCOffset:32
DataFormat:sfntData
FileLength:650364
FileModTime:1353065184
%EndFont

%BeginFont
Handler:DirectoryHandler
FontType:TrueType
FontName:MarkerFelt-Wide
FamilyName:Marker Felt
StyleName:Wide
MenuName:Marker Felt
StyleBits:2
WeightClass:700
WidthClass:5
AngleClass:0
FullName:Marker Felt Wide
WritingScript:Roman
OutlineFileName:\MarkerFelt.ttc
TTCOffset:332
DataFormat:sfntData
FileLength:650364
FileModTime:1353065184
%EndFont

%BeginFont
Handler:DirectoryHandler
FontType:TrueType
FontName:Times-Roman
FamilyName:Times
StyleName:Regular
MenuName:Times
StyleBits:0
WeightClass:400
WidthClass:5
AngleClass:0
FullName:Times Roman
WritingScript:Roman
OutlineFileName:\Times.dfont
DataFormat:sfntResource
ResourceID:13494
FileLength:1743667
FileModTime:1353065184
%EndFont

%BeginFont
Handler:DirectoryHandler
FontType:TrueType
FontName:Times-Bold
FamilyName:Times
StyleName:Bold
MenuName:Times
StyleBits:2
WeightClass:700
WidthClass:5
AngleClass:0
FullName:Times Bold
WritingScript:Roman
OutlineFileName:\Times.dfont
DataFormat:sfntResource
ResourceID:16697
FileLength:1743667
FileModTime:1353065184
%EndFont

%BeginFont
Handler:DirectoryHandler
FontType:TrueType
FontName:Times-Italic
FamilyName:Times
StyleName:Italic
MenuName:Times
StyleBits:1
WeightClass:400
WidthClass:5
AngleClass:1
FullName:Times Italic
WritingScript:Roman
OutlineFileName:\Times.dfont
DataFormat:sfntResource
ResourceID:21585
FileLength:1743667
FileModTime:1353065184
%EndFont

%BeginFont
Handler:DirectoryHandler
FontType:TrueType
FontName:Times-BoldItalic
FamilyName:Times
StyleName:Bold Italic
MenuName:Times
StyleBits:3
WeightClass:700
WidthClass:5
AngleClass:1
FullName:Times Bold Italic
WritingScript:Roman
OutlineFileName:\Times.dfont
DataFormat:sfntResource
ResourceID:22219
FileLength:1743667
FileModTime:1353065184
%EndFont

%BeginFont
Handler:DirectoryHandler
FontType:Suitcase
FontName:Times-Roman
OutlineFileName:\Times.dfont
ResourceID:20
MacStyle:0
FileLength:1743667
FileModTime:1353065184
%EndFont

%BeginFont
Handler:DirectoryHandler
FontType:Suitcase
FontName:Times-Bold
OutlineFileName:\Times.dfont
ResourceID:20
MacStyle:1
FileLength:1743667
FileModTime:1353065184
%EndFont

%BeginFont
Handler:DirectoryHandler
FontType:Suitcase
FontName:Times-Italic
OutlineFileName:\Times.dfont
ResourceID:20
MacStyle:2
FileLength:1743667
FileModTime:1353065184
%EndFont

%BeginFont
Handler:DirectoryHandler
FontType:Suitcase
FontName:Times-BoldItalic
OutlineFileName:\Times.dfont
ResourceID:20
MacStyle:3
FileLength:1743667
FileModTime:1353065184
%EndFont

%BeginFont
Handler:DirectoryHandler
FontType:TrueType
FontName:Verdana-Bold
FamilyName:Verdana
StyleName:Bold
MenuName:Verdana
StyleBits:2
WeightClass:700
WidthClass:5
AngleClass:0
FullName:Verdana Bold
WritingScript:Roman
OutlineFileName:\Verdana Bold.ttf
DataFormat:sfntData
FileLength:153260
FileModTime:1353065181
%EndFont

%BeginFont
Handler:DirectoryHandler
FontType:TrueType
FontName:Verdana
FamilyName:Verdana
StyleName:Regular
MenuName:Verdana
StyleBits:0
WeightClass:400
WidthClass:5
AngleClass:0
FullName:Verdana
WritingScript:Roman
OutlineFileName:\Verdana.ttf
DataFormat:sfntData
FileLength:186188
FileModTime:1353065181
%EndFont

